1:1 KW_FN "fn"
1:4 IDENTIFIER "main"
1:8 LPAREN "("
1:9 RPAREN ")"
1:11 LBRACE "{"
2:5 KW_INT "int"
2:9 IDENTIFIER "x"
2:11 ASSIGN "="
2:13 INT_LITERAL "10" 10
2:15 SEMICOLON ";"
3:5 LBRACE "{"
4:9 KW_INT "int"
4:13 IDENTIFIER "y"
4:15 ASSIGN "="
4:17 INT_LITERAL "20" 20
4:19 SEMICOLON ";"
5:9 LBRACE "{"
6:13 KW_INT "int"
6:17 IDENTIFIER "z"
6:19 ASSIGN "="
6:21 INT_LITERAL "30" 30
6:23 SEMICOLON ";"
7:13 IDENTIFIER "x"
7:15 ASSIGN "="
7:17 IDENTIFIER "y"
7:19 PLUS "+"
7:21 IDENTIFIER "z"
7:22 SEMICOLON ";"
8:9 RBRACE "}"
9:5 RBRACE "}"
10:5 KW_RETURN "return"
10:12 IDENTIFIER "x"
10:13 SEMICOLON ";"
11:1 RBRACE "}"
11:2 END_OF_FILE ""