1:1 KW_INT "int"
1:5 IDENTIFIER "simple"
1:12 ASSIGN "="
1:14 INT_LITERAL "1" 1
1:15 SEMICOLON ";"
2:1 KW_INT "int"
2:5 IDENTIFIER "camelCase"
2:15 ASSIGN "="
2:17 INT_LITERAL "2" 2
2:18 SEMICOLON ";"
3:1 KW_INT "int"
3:5 IDENTIFIER "snake_case"
3:16 ASSIGN "="
3:18 INT_LITERAL "3" 3
3:19 SEMICOLON ";"
4:1 KW_INT "int"
4:5 IDENTIFIER "mixedCase_123"
4:19 ASSIGN "="
4:21 INT_LITERAL "4" 4
4:22 SEMICOLON ";"
5:1 KW_INT "int"
5:5 IDENTIFIER "_private"
5:14 ASSIGN "="
5:16 INT_LITERAL "5" 5
5:17 SEMICOLON ";"
6:1 KW_INT "int"
6:5 IDENTIFIER "aVeryLongIdentifierThatIsStillValidBecauseItIsLessThan255Characters123456789012345678901234567890123456789012345678901234567890"
6:133 ASSIGN "="
6:135 INT_LITERAL "42" 42
6:137 SEMICOLON ";"
7:1 KW_INT "int"
7:5 IDENTIFIER "x1"
7:8 ASSIGN "="
7:10 INT_LITERAL "6" 6
7:11 SEMICOLON ";"
8:1 KW_INT "int"
8:5 IDENTIFIER "y2"
8:8 ASSIGN "="
8:10 INT_LITERAL "7" 7
8:11 SEMICOLON ";"
8:12 END_OF_FILE ""