1:1 KW_FN "fn"
1:4 IDENTIFIER "print_hello"
1:15 LPAREN "("
1:16 RPAREN ")"
1:18 LBRACE "{"
3:1 RBRACE "}"
5:1 KW_FN "fn"
5:4 IDENTIFIER "main"
5:8 LPAREN "("
5:9 RPAREN ")"
5:11 LBRACE "{"
6:5 IDENTIFIER "print_hello"
6:16 LPAREN "("
6:17 RPAREN ")"
6:18 SEMICOLON ";"
7:5 KW_RETURN "return"
7:12 INT_LITERAL "0" 0
7:13 SEMICOLON ";"
8:1 RBRACE "}"
8:2 END_OF_FILE ""