1:1 KW_FN "fn"
1:4 IDENTIFIER "calculate"
1:13 LPAREN "("
1:14 KW_INT "int"
1:18 IDENTIFIER "a"
1:19 COMMA ","
1:21 KW_INT "int"
1:25 IDENTIFIER "b"
1:26 RPAREN ")"
1:28 LBRACE "{"
2:5 KW_INT "int"
2:9 IDENTIFIER "result"
2:16 ASSIGN "="
2:18 IDENTIFIER "a"
2:20 STAR "*"
2:22 IDENTIFIER "b"
2:24 PLUS "+"
2:26 INT_LITERAL "42" 42
2:28 SEMICOLON ";"
3:5 KW_IF "if"
3:8 LPAREN "("
3:9 IDENTIFIER "result"
3:16 GT ">"
3:18 INT_LITERAL "100" 100
3:21 RPAREN ")"
3:23 LBRACE "{"
4:9 KW_RETURN "return"
4:16 IDENTIFIER "result"
4:23 MINUS "-"
4:25 INT_LITERAL "50" 50
4:27 SEMICOLON ";"
5:5 RBRACE "}"
5:7 KW_ELSE "else"
5:12 LBRACE "{"
6:9 KW_RETURN "return"
6:16 IDENTIFIER "result"
6:22 SEMICOLON ";"
7:5 RBRACE "}"
8:1 RBRACE "}"
8:2 END_OF_FILE ""