1:1 KW_INT "int"
1:5 IDENTIFIER "a"
1:7 ASSIGN "="
1:9 INT_LITERAL "0" 0
1:10 SEMICOLON ";"
2:1 KW_INT "int"
2:5 IDENTIFIER "b"
2:7 ASSIGN "="
2:9 INT_LITERAL "42" 42
2:11 SEMICOLON ";"
3:1 KW_INT "int"
3:5 IDENTIFIER "c"
3:7 ASSIGN "="
3:9 INT_LITERAL "2147483647" 2147483647
3:19 SEMICOLON ";"
4:1 KW_INT "int"
4:5 IDENTIFIER "d"
4:7 ASSIGN "="
4:9 MINUS "-"
4:10 UNKNOWN "2147483648"
4:10 INT_LITERAL "2147483648" 2147483648
4:20 SEMICOLON ";"
5:1 KW_FLOAT "float"
5:7 IDENTIFIER "e"
5:9 ASSIGN "="
5:11 FLOAT_LITERAL "3.14" 3.14
5:15 SEMICOLON ";"
6:1 KW_FLOAT "float"
6:7 IDENTIFIER "f"
6:9 ASSIGN "="
6:11 FLOAT_LITERAL "0.5" 0.5
6:14 SEMICOLON ";"
7:1 KW_FLOAT "float"
7:7 IDENTIFIER "g"
7:9 ASSIGN "="
7:11 FLOAT_LITERAL "10.0" 10.0
7:15 SEMICOLON ";"
8:1 KW_FLOAT "float"
8:7 IDENTIFIER "h"
8:9 ASSIGN "="
8:11 FLOAT_LITERAL ".75" 0.75
8:14 SEMICOLON ";"
9:1 KW_FLOAT "float"
9:7 IDENTIFIER "i"
9:9 ASSIGN "="
9:11 FLOAT_LITERAL "123.456" 123.456
9:18 SEMICOLON ";"
9:19 END_OF_FILE ""