1:1 KW_STRUCT "struct"
1:8 IDENTIFIER "Point"
1:14 LBRACE "{"
2:5 KW_INT "int"
2:9 IDENTIFIER "x"
2:10 SEMICOLON ";"
3:5 KW_INT "int"
3:9 IDENTIFIER "y"
3:10 SEMICOLON ";"
4:1 RBRACE "}"
4:2 SEMICOLON ";"
6:1 KW_STRUCT "struct"
6:8 IDENTIFIER "Rectangle"
6:18 LBRACE "{"
7:5 IDENTIFIER "Point"
7:11 IDENTIFIER "topLeft"
7:18 SEMICOLON ";"
8:5 IDENTIFIER "Point"
8:11 IDENTIFIER "bottomRight"
8:22 SEMICOLON ";"
9:1 RBRACE "}"
9:2 SEMICOLON ";"
11:1 KW_FN "fn"
11:4 IDENTIFIER "main"
11:8 LPAREN "("
11:9 RPAREN ")"
11:11 LBRACE "{"
12:5 IDENTIFIER "Point"
12:11 IDENTIFIER "p"
12:12 SEMICOLON ";"
13:5 IDENTIFIER "p"
13:6 UNKNOWN "."
13:7 IDENTIFIER "x"
13:9 ASSIGN "="
13:11 INT_LITERAL "10" 10
13:13 SEMICOLON ";"
14:5 IDENTIFIER "p"
14:6 UNKNOWN "."
14:7 IDENTIFIER "y"
14:9 ASSIGN "="
14:11 INT_LITERAL "20" 20
14:13 SEMICOLON ";"
15:5 KW_RETURN "return"
15:12 INT_LITERAL "0" 0
15:13 SEMICOLON ";"
16:1 RBRACE "}"
16:2 END_OF_FILE ""