1:1 KW_INT "int"
1:5 IDENTIFIER "a"
1:7 ASSIGN "="
1:9 INT_LITERAL "5" 5
1:11 PLUS "+"
1:13 INT_LITERAL "3" 3
1:14 SEMICOLON ";"
2:1 KW_INT "int"
2:5 IDENTIFIER "b"
2:7 ASSIGN "="
2:9 INT_LITERAL "10" 10
2:12 MINUS "-"
2:14 INT_LITERAL "4" 4
2:15 SEMICOLON ";"
3:1 KW_INT "int"
3:5 IDENTIFIER "c"
3:7 ASSIGN "="
3:9 INT_LITERAL "6" 6
3:11 STAR "*"
3:13 INT_LITERAL "7" 7
3:14 SEMICOLON ";"
4:1 KW_INT "int"
4:5 IDENTIFIER "d"
4:7 ASSIGN "="
4:9 INT_LITERAL "20" 20
4:12 SLASH "/"
4:14 INT_LITERAL "5" 5
4:15 SEMICOLON ";"
5:1 KW_INT "int"
5:5 IDENTIFIER "e"
5:7 ASSIGN "="
5:9 INT_LITERAL "17" 17
5:12 MOD "%"
5:14 INT_LITERAL "5" 5
5:15 SEMICOLON ";"
6:1 KW_INT "int"
6:5 IDENTIFIER "f"
6:7 ASSIGN "="
6:9 INT_LITERAL "1" 1
6:11 PLUS "+"
6:13 INT_LITERAL "2" 2
6:15 STAR "*"
6:17 INT_LITERAL "3" 3
6:19 MINUS "-"
6:21 INT_LITERAL "4" 4
6:23 SLASH "/"
6:25 INT_LITERAL "2" 2
6:26 SEMICOLON ";"
7:1 KW_BOOL "bool"
7:6 IDENTIFIER "g"
7:8 ASSIGN "="
7:10 IDENTIFIER "a"
7:12 EQ "=="
7:15 IDENTIFIER "b"
7:16 SEMICOLON ";"
8:1 KW_BOOL "bool"
8:6 IDENTIFIER "h"
8:8 ASSIGN "="
8:10 IDENTIFIER "a"
8:12 NEQ "!="
8:15 IDENTIFIER "b"
8:16 SEMICOLON ";"
9:1 KW_BOOL "bool"
9:6 IDENTIFIER "i"
9:8 ASSIGN "="
9:10 IDENTIFIER "a"
9:12 LT "<"
9:14 IDENTIFIER "b"
9:15 SEMICOLON ";"
10:1 KW_BOOL "bool"
10:6 IDENTIFIER "j"
10:8 ASSIGN "="
10:10 IDENTIFIER "a"
10:12 LTE "<="
10:15 IDENTIFIER "b"
10:16 SEMICOLON ";"
11:1 KW_BOOL "bool"
11:6 IDENTIFIER "k"
11:8 ASSIGN "="
11:10 IDENTIFIER "a"
11:12 GT ">"
11:14 IDENTIFIER "b"
11:15 SEMICOLON ";"
12:1 KW_BOOL "bool"
12:6 IDENTIFIER "l"
12:8 ASSIGN "="
12:10 IDENTIFIER "a"
12:12 GTE ">="
12:15 IDENTIFIER "b"
12:16 SEMICOLON ";"
13:1 KW_BOOL "bool"
13:6 IDENTIFIER "m"
13:8 ASSIGN "="
13:10 LPAREN "("
13:11 IDENTIFIER "a"
13:13 LT "<"
13:15 IDENTIFIER "b"
13:16 RPAREN ")"
13:18 AND "&&"
13:21 LPAREN "("
13:22 IDENTIFIER "c"
13:24 GT ">"
13:26 IDENTIFIER "d"
13:27 RPAREN ")"
13:28 SEMICOLON ";"
14:1 KW_BOOL "bool"
14:6 IDENTIFIER "n"
14:8 ASSIGN "="
14:10 LPAREN "("
14:11 IDENTIFIER "a"
14:13 GT ">"
14:15 IDENTIFIER "b"
14:16 RPAREN ")"
14:18 OR "||"
14:21 LPAREN "("
14:22 IDENTIFIER "c"
14:24 LT "<"
14:26 IDENTIFIER "d"
14:27 RPAREN ")"
14:28 SEMICOLON ";"
14:29 END_OF_FILE ""