1:1 KW_FN "fn"
1:4 IDENTIFIER "main"
1:8 LPAREN "("
1:9 RPAREN ")"
1:11 LBRACE "{"
2:5 KW_INT "int"
2:9 IDENTIFIER "a"
2:11 ASSIGN "="
2:13 INT_LITERAL "1" 1
2:14 SEMICOLON ";"
2:16 KW_INT "int"
2:20 IDENTIFIER "b"
2:22 ASSIGN "="
2:24 INT_LITERAL "2" 2
2:25 SEMICOLON ";"
2:27 KW_INT "int"
2:31 IDENTIFIER "c"
2:33 ASSIGN "="
2:35 INT_LITERAL "3" 3
2:36 SEMICOLON ";"
3:5 IDENTIFIER "a"
3:7 ASSIGN "="
3:9 IDENTIFIER "a"
3:11 PLUS "+"
3:13 IDENTIFIER "b"
3:14 SEMICOLON ";"
3:16 IDENTIFIER "b"
3:18 ASSIGN "="
3:20 IDENTIFIER "b"
3:22 PLUS "+"
3:24 IDENTIFIER "c"
3:25 SEMICOLON ";"
3:27 IDENTIFIER "c"
3:29 ASSIGN "="
3:31 IDENTIFIER "a"
3:33 PLUS "+"
3:35 IDENTIFIER "b"
3:36 SEMICOLON ";"
4:5 KW_RETURN "return"
4:12 IDENTIFIER "c"
4:13 SEMICOLON ";"
5:1 RBRACE "}"
5:2 END_OF_FILE ""