1:1 KW_FN "fn"
1:4 IDENTIFIER "main"
1:8 LPAREN "("
1:9 RPAREN ")"
1:11 LBRACE "{"
2:5 KW_INT "int"
2:9 IDENTIFIER "sum"
2:13 ASSIGN "="
2:15 INT_LITERAL "0" 0
2:16 SEMICOLON ";"
3:5 IDENTIFIER "sum"
3:9 ASSIGN "="
3:11 IDENTIFIER "sum"
3:15 PLUS "+"
3:17 INT_LITERAL "1" 1
3:18 SEMICOLON ";"
4:5 IDENTIFIER "sum"
4:9 ASSIGN "="
4:11 IDENTIFIER "sum"
4:15 PLUS "+"
4:17 INT_LITERAL "2" 2
4:18 SEMICOLON ";"
5:5 IDENTIFIER "sum"
5:9 ASSIGN "="
5:11 IDENTIFIER "sum"
5:15 PLUS "+"
5:17 INT_LITERAL "3" 3
5:18 SEMICOLON ";"
6:5 IDENTIFIER "sum"
6:9 ASSIGN "="
6:11 IDENTIFIER "sum"
6:15 PLUS "+"
6:17 INT_LITERAL "4" 4
6:18 SEMICOLON ";"
7:5 IDENTIFIER "sum"
7:9 ASSIGN "="
7:11 IDENTIFIER "sum"
7:15 PLUS "+"
7:17 INT_LITERAL "5" 5
7:18 SEMICOLON ";"
8:5 IDENTIFIER "sum"
8:9 ASSIGN "="
8:11 IDENTIFIER "sum"
8:15 PLUS "+"
8:17 INT_LITERAL "6" 6
8:18 SEMICOLON ";"
9:5 IDENTIFIER "sum"
9:9 ASSIGN "="
9:11 IDENTIFIER "sum"
9:15 PLUS "+"
9:17 INT_LITERAL "7" 7
9:18 SEMICOLON ";"
10:5 IDENTIFIER "sum"
10:9 ASSIGN "="
10:11 IDENTIFIER "sum"
10:15 PLUS "+"
10:17 INT_LITERAL "8" 8
10:18 SEMICOLON ";"
11:5 IDENTIFIER "sum"
11:9 ASSIGN "="
11:11 IDENTIFIER "sum"
11:15 PLUS "+"
11:17 INT_LITERAL "9" 9
11:18 SEMICOLON ";"
12:5 IDENTIFIER "sum"
12:9 ASSIGN "="
12:11 IDENTIFIER "sum"
12:15 PLUS "+"
12:17 INT_LITERAL "10" 10
12:19 SEMICOLON ";"
13:5 KW_RETURN "return"
13:12 IDENTIFIER "sum"
13:15 SEMICOLON ";"
14:1 RBRACE "}"
14:2 END_OF_FILE ""