1:1 KW_FN "fn"
1:4 IDENTIFIER "main"
1:8 LPAREN "("
1:9 RPAREN ")"
1:11 LBRACE "{"
2:5 KW_INT "int"
2:9 IDENTIFIER "a"
2:11 ASSIGN "="
2:13 INT_LITERAL "10" 10
2:15 SEMICOLON ";"
3:5 KW_FLOAT "float"
3:11 IDENTIFIER "b"
3:13 ASSIGN "="
3:15 FLOAT_LITERAL "3.14" 3.14
3:19 SEMICOLON ";"
4:5 KW_BOOL "bool"
4:10 IDENTIFIER "c"
4:12 ASSIGN "="
4:14 KW_TRUE "true" True
4:18 SEMICOLON ";"
5:5 KW_IF "if"
5:8 LPAREN "("
5:9 IDENTIFIER "a"
5:11 GT ">"
5:13 INT_LITERAL "5" 5
5:14 RPAREN ")"
5:16 LBRACE "{"
6:9 KW_RETURN "return"
6:16 IDENTIFIER "a"
6:17 SEMICOLON ";"
7:5 RBRACE "}"
7:7 KW_ELSE "else"
7:12 LBRACE "{"
8:9 KW_RETURN "return"
8:16 INT_LITERAL "0" 0
8:17 SEMICOLON ";"
9:5 RBRACE "}"
10:5 KW_WHILE "while"
10:11 LPAREN "("
10:12 IDENTIFIER "a"
10:14 LT "<"
10:16 INT_LITERAL "20" 20
10:18 RPAREN ")"
10:20 LBRACE "{"
11:9 IDENTIFIER "a"
11:11 ASSIGN "="
11:13 IDENTIFIER "a"
11:15 PLUS "+"
11:17 INT_LITERAL "1" 1
11:18 SEMICOLON ";"
12:5 RBRACE "}"
13:5 KW_FOR "for"
13:9 LPAREN "("
13:10 KW_INT "int"
13:14 IDENTIFIER "i"
13:16 ASSIGN "="
13:18 INT_LITERAL "0" 0
13:19 SEMICOLON ";"
13:21 IDENTIFIER "i"
13:23 LT "<"
13:25 INT_LITERAL "10" 10
13:27 SEMICOLON ";"
13:29 IDENTIFIER "i"
13:31 ASSIGN "="
13:33 IDENTIFIER "i"
13:35 PLUS "+"
13:37 INT_LITERAL "1" 1
13:38 RPAREN ")"
13:40 LBRACE "{"
14:9 KW_VOID "void"
14:14 IDENTIFIER "test"
14:18 LPAREN "("
14:19 RPAREN ")"
14:21 LBRACE "{"
15:13 KW_STRUCT "struct"
15:20 IDENTIFIER "Point"
15:26 LBRACE "{"
16:17 KW_INT "int"
16:21 IDENTIFIER "x"
16:22 SEMICOLON ";"
17:17 KW_INT "int"
17:21 IDENTIFIER "y"
17:22 SEMICOLON ";"
18:13 RBRACE "}"
18:14 SEMICOLON ";"
19:9 RBRACE "}"
20:5 RBRACE "}"
21:1 RBRACE "}"
21:2 END_OF_FILE ""