1:1 KW_FN "fn"
1:4 IDENTIFIER "add"
1:7 LPAREN "("
1:8 KW_INT "int"
1:12 IDENTIFIER "a"
1:13 COMMA ","
1:15 KW_INT "int"
1:19 IDENTIFIER "b"
1:20 RPAREN ")"
1:22 LBRACE "{"
2:5 KW_RETURN "return"
2:12 IDENTIFIER "a"
2:14 PLUS "+"
2:16 IDENTIFIER "b"
2:17 SEMICOLON ";"
3:1 RBRACE "}"
5:1 KW_FN "fn"
5:4 IDENTIFIER "sub"
5:7 LPAREN "("
5:8 KW_INT "int"
5:12 IDENTIFIER "a"
5:13 COMMA ","
5:15 KW_INT "int"
5:19 IDENTIFIER "b"
5:20 RPAREN ")"
5:22 LBRACE "{"
6:5 KW_RETURN "return"
6:12 IDENTIFIER "a"
6:14 MINUS "-"
6:16 IDENTIFIER "b"
6:17 SEMICOLON ";"
7:1 RBRACE "}"
9:1 KW_FN "fn"
9:4 IDENTIFIER "main"
9:8 LPAREN "("
9:9 RPAREN ")"
9:11 LBRACE "{"
10:5 KW_INT "int"
10:9 IDENTIFIER "x"
10:11 ASSIGN "="
10:13 IDENTIFIER "add"
10:16 LPAREN "("
10:17 INT_LITERAL "5" 5
10:18 COMMA ","
10:20 INT_LITERAL "3" 3
10:21 RPAREN ")"
10:22 SEMICOLON ";"
11:5 KW_INT "int"
11:9 IDENTIFIER "y"
11:11 ASSIGN "="
11:13 IDENTIFIER "sub"
11:16 LPAREN "("
11:17 INT_LITERAL "10" 10
11:19 COMMA ","
11:21 INT_LITERAL "4" 4
11:22 RPAREN ")"
11:23 SEMICOLON ";"
12:5 KW_RETURN "return"
12:12 IDENTIFIER "x"
12:14 PLUS "+"
12:16 IDENTIFIER "y"
12:17 SEMICOLON ";"
13:1 RBRACE "}"
13:2 END_OF_FILE ""