1:1 KW_FN "fn"
1:4 IDENTIFIER "main"
1:8 LPAREN "("
1:9 RPAREN ")"
1:11 LBRACE "{"
2:5 KW_BOOL "bool"
2:10 IDENTIFIER "a"
2:12 ASSIGN "="
2:14 INT_LITERAL "5" 5
2:16 EQ "=="
2:19 INT_LITERAL "5" 5
2:20 SEMICOLON ";"
3:5 KW_BOOL "bool"
3:10 IDENTIFIER "b"
3:12 ASSIGN "="
3:14 INT_LITERAL "5" 5
3:16 NEQ "!="
3:19 INT_LITERAL "6" 6
3:20 SEMICOLON ";"
4:5 KW_BOOL "bool"
4:10 IDENTIFIER "c"
4:12 ASSIGN "="
4:14 INT_LITERAL "5" 5
4:16 LT "<"
4:18 INT_LITERAL "6" 6
4:19 SEMICOLON ";"
5:5 KW_BOOL "bool"
5:10 IDENTIFIER "d"
5:12 ASSIGN "="
5:14 INT_LITERAL "5" 5
5:16 LTE "<="
5:19 INT_LITERAL "5" 5
5:20 SEMICOLON ";"
6:5 KW_BOOL "bool"
6:10 IDENTIFIER "e"
6:12 ASSIGN "="
6:14 INT_LITERAL "6" 6
6:16 GT ">"
6:18 INT_LITERAL "5" 5
6:19 SEMICOLON ";"
7:5 KW_BOOL "bool"
7:10 IDENTIFIER "f"
7:12 ASSIGN "="
7:14 INT_LITERAL "6" 6
7:16 GTE ">="
7:19 INT_LITERAL "6" 6
7:20 SEMICOLON ";"
8:5 KW_BOOL "bool"
8:10 IDENTIFIER "g"
8:12 ASSIGN "="
8:14 LPAREN "("
8:15 INT_LITERAL "5" 5
8:17 LT "<"
8:19 INT_LITERAL "6" 6
8:20 RPAREN ")"
8:22 AND "&&"
8:25 LPAREN "("
8:26 INT_LITERAL "6" 6
8:28 GT ">"
8:30 INT_LITERAL "5" 5
8:31 RPAREN ")"
8:32 SEMICOLON ";"
9:5 KW_BOOL "bool"
9:10 IDENTIFIER "h"
9:12 ASSIGN "="
9:14 LPAREN "("
9:15 INT_LITERAL "5" 5
9:17 GT ">"
9:19 INT_LITERAL "6" 6
9:20 RPAREN ")"
9:22 OR "||"
9:25 LPAREN "("
9:26 INT_LITERAL "6" 6
9:28 GT ">"
9:30 INT_LITERAL "5" 5
9:31 RPAREN ")"
9:32 SEMICOLON ";"
10:5 KW_RETURN "return"
10:12 INT_LITERAL "0" 0
10:13 SEMICOLON ";"
11:1 RBRACE "}"
11:2 END_OF_FILE ""