1:1 KW_FN "fn"
1:4 IDENTIFIER "main"
1:8 LPAREN "("
1:9 RPAREN ")"
1:11 LBRACE "{"
2:5 KW_INT "int"
2:9 IDENTIFIER "a"
2:11 ASSIGN "="
2:13 INT_LITERAL "1" 1
2:15 PLUS "+"
2:17 INT_LITERAL "2" 2
2:19 MINUS "-"
2:21 INT_LITERAL "3" 3
2:23 STAR "*"
2:25 INT_LITERAL "4" 4
2:27 SLASH "/"
2:29 INT_LITERAL "5" 5
2:31 MOD "%"
2:33 INT_LITERAL "6" 6
2:34 SEMICOLON ";"
3:5 KW_FLOAT "float"
3:11 IDENTIFIER "b"
3:13 ASSIGN "="
3:15 FLOAT_LITERAL "3.14" 3.14
3:20 STAR "*"
3:22 FLOAT_LITERAL "2.0" 2.0
3:26 SLASH "/"
3:28 FLOAT_LITERAL "1.5" 1.5
3:32 PLUS "+"
3:34 FLOAT_LITERAL "0.5" 0.5
3:37 SEMICOLON ";"
4:5 KW_INT "int"
4:9 IDENTIFIER "c"
4:11 ASSIGN "="
4:13 LPAREN "("
4:14 INT_LITERAL "1" 1
4:16 PLUS "+"
4:18 INT_LITERAL "2" 2
4:19 RPAREN ")"
4:21 STAR "*"
4:23 LPAREN "("
4:24 INT_LITERAL "3" 3
4:26 MINUS "-"
4:28 INT_LITERAL "4" 4
4:29 RPAREN ")"
4:31 SLASH "/"
4:33 LPAREN "("
4:34 INT_LITERAL "5" 5
4:36 MOD "%"
4:38 INT_LITERAL "3" 3
4:39 RPAREN ")"
4:40 SEMICOLON ";"
5:5 KW_RETURN "return"
5:12 IDENTIFIER "a"
5:13 SEMICOLON ";"
6:1 RBRACE "}"
6:2 END_OF_FILE ""