1:1 KW_FN "fn"
1:4 IDENTIFIER "main"
1:8 LPAREN "("
1:9 RPAREN ")"
1:11 LBRACE "{"
2:5 KW_INT "int"
2:9 IDENTIFIER "i"
2:11 ASSIGN "="
2:13 INT_LITERAL "0" 0
2:14 SEMICOLON ";"
3:5 KW_FLOAT "float"
3:11 IDENTIFIER "f"
3:13 ASSIGN "="
3:15 FLOAT_LITERAL "0.0" 0.0
3:18 SEMICOLON ";"
4:5 KW_BOOL "bool"
4:10 IDENTIFIER "b"
4:12 ASSIGN "="
4:14 KW_TRUE "true" True
4:18 SEMICOLON ";"
5:5 KW_VOID "void"
5:10 IDENTIFIER "v"
5:11 SEMICOLON ";"
6:5 KW_STRUCT "struct"
6:12 IDENTIFIER "S"
6:14 LBRACE "{"
6:16 KW_INT "int"
6:20 IDENTIFIER "x"
6:21 SEMICOLON ";"
6:23 RBRACE "}"
6:24 SEMICOLON ";"
8:5 KW_IF "if"
8:8 LPAREN "("
8:9 IDENTIFIER "i"
8:11 LT "<"
8:13 INT_LITERAL "10" 10
8:15 RPAREN ")"
8:17 LBRACE "{"
9:9 KW_WHILE "while"
9:15 LPAREN "("
9:16 IDENTIFIER "i"
9:18 LT "<"
9:20 INT_LITERAL "5" 5
9:21 RPAREN ")"
9:23 LBRACE "{"
10:13 KW_FOR "for"
10:17 LPAREN "("
10:18 KW_INT "int"
10:22 IDENTIFIER "j"
10:24 ASSIGN "="
10:26 INT_LITERAL "0" 0
10:27 SEMICOLON ";"
10:29 IDENTIFIER "j"
10:31 LT "<"
10:33 INT_LITERAL "3" 3
10:34 SEMICOLON ";"
10:36 IDENTIFIER "j"
10:38 ASSIGN "="
10:40 IDENTIFIER "j"
10:42 PLUS "+"
10:44 INT_LITERAL "1" 1
10:45 RPAREN ")"
10:47 LBRACE "{"
11:17 IDENTIFIER "i"
11:19 ASSIGN "="
11:21 IDENTIFIER "i"
11:23 PLUS "+"
11:25 INT_LITERAL "1" 1
11:26 SEMICOLON ";"
12:13 RBRACE "}"
13:9 RBRACE "}"
14:5 RBRACE "}"
14:7 KW_ELSE "else"
14:12 LBRACE "{"
15:9 KW_RETURN "return"
15:16 INT_LITERAL "0" 0
15:17 SEMICOLON ";"
16:5 RBRACE "}"
17:5 KW_RETURN "return"
17:12 IDENTIFIER "i"
17:13 SEMICOLON ";"
18:1 RBRACE "}"
18:2 END_OF_FILE ""