2:1 KW_FN "fn"
2:4 IDENTIFIER "main"
2:8 LPAREN "("
2:9 RPAREN ")"
2:11 LBRACE "{"
4:5 KW_INT "int"
4:9 IDENTIFIER "x"
4:11 ASSIGN "="
4:13 INT_LITERAL "42" 42
4:15 SEMICOLON ";"
7:5 KW_INT "int"
7:9 IDENTIFIER "y"
7:11 ASSIGN "="
7:26 INT_LITERAL "100" 100
7:29 SEMICOLON ";"
9:5 KW_RETURN "return"
9:12 IDENTIFIER "x"
9:14 PLUS "+"
9:16 IDENTIFIER "y"
9:17 SEMICOLON ";"
10:1 RBRACE "}"
11:16 END_OF_FILE ""