1:1 KW_FN "fn"
1:4 IDENTIFIER "main"
1:8 LPAREN "("
1:9 RPAREN ")"
1:11 LBRACE "{"
2:5 KW_INT "int"
2:9 IDENTIFIER "this_identifier_is_way_too_long_and_exceeds_the_maximum_length_of_255_characters_but_we_need_to_test_this_edge_case_so_lets_add_more_characters_until_we_reach_256_and_see_what_happens_because_the_spec_says_max_255_so_this_should_be_invalid_aaaaaaaaaaaaaaaaaaaaaaaaaaaaaaaaaaaaaaaaaaaaaaaaaaaaaaaaaaaaaaaaaaaaaaaaaaaaaaaaaaaaaaaaaaaaaaaaaaaaaaaa"
2:354 ASSIGN "="
2:356 INT_LITERAL "42" 42
2:358 SEMICOLON ";"
3:5 KW_RETURN "return"
3:12 INT_LITERAL "0" 0
3:13 SEMICOLON ";"
4:1 RBRACE "}"
4:2 END_OF_FILE ""