1:1 KW_FN "fn"
1:4 IDENTIFIER "main"
1:8 LPAREN "("
1:9 RPAREN ")"
1:11 LBRACE "{"
2:5 KW_INT "int"
2:9 IDENTIFIER "x"
2:11 ASSIGN "="
2:13 INT_LITERAL "42" 42
2:15 IDENTIFIER "a"
2:16 SEMICOLON ";"
3:5 KW_FLOAT "float"
3:11 IDENTIFIER "y"
3:13 ASSIGN "="
3:15 FLOAT_LITERAL "3.14" 3.14
3:19 FLOAT_LITERAL ".15" 0.15
3:22 SEMICOLON ";"
4:5 KW_RETURN "return"
4:12 INT_LITERAL "0" 0
4:13 SEMICOLON ";"
5:1 RBRACE "}"
5:2 END_OF_FILE ""